EVA1_6_PERMISOS

-------------------------------------
crear usarios
grant (privilegios)
--------------------------------------

MySQL Shell 8.0.12

Copyright (c) 2016, 2018, Oracle and/or its affiliates. All rights reserved.

Oracle is a registered trademark of Oracle Corporation and/or its
affiliates. Other names may be trademarks of their respective
owners.

Type '\help' or '\?' for help; '\quit' to exit.


 MySQL  JS > \sql
Switching to SQL mode... Commands end with ;

 MySQL  SQL > \connect -c root@localhost
The -c option is deprecated, please use --mysql or -mc instead
Creating a Classic session to 'root@localhost'
Please provide the password for 'root@localhost': *********
Save password for 'root@localhost:3306'? [Y]es/[N]o/Ne[v]er (default No): y
Fetching schema names for autocompletion... Press ^C to stop.
Your MySQL connection id is 44
Server version: 8.0.12 MySQL Community Server - GPL
No default schema selected; type \use <schema> to set one.

 MySQL  localhost:3306 ssl  SQL > \use evaluacion_1
Default schema set to `evaluacion_1`.
Fetching table and column names from `evaluacion_1` for auto-completion... Press ^C to stop.

 MySQL  localhost:3306 ssl  evaluacion_1  SQL > select user from mysql.user;
+------------------+
| user             |
+------------------+
| mysql.infoschema |
| mysql.session    |
| mysql.sys        |
| root             |
+------------------+
4 rows in set (0.0489 sec)

 MySQL  localhost:3306 ssl  evaluacion_1  SQL > create user 'total_user'@'localhost' identified by '123456';
Query OK, 0 rows affected (0.3529 sec)

 MySQL  localhost:3306 ssl  evaluacion_1  SQL > select user from mysql.user;
+------------------+
| user             |
+------------------+
| mysql.infoschema |
| mysql.session    |
| mysql.sys        |
| root             |
| total_user       |
+------------------+
5 rows in set (0.0004 sec)

 MySQL  localhost:3306 ssl  evaluacion_1  SQL > \connect -c total_user@localhost
The -c option is deprecated, please use --mysql or -mc instead
Creating a Classic session to 'total_user@localhost'
Please provide the password for 'total_user@localhost': ******
Save password for 'total_user@localhost:3306'? [Y]es/[N]o/Ne[v]er (default No): y
Fetching schema names for autocompletion... Press ^C to stop.
Closing old connection...
Your MySQL connection id is 45
Server version: 8.0.12 MySQL Community Server - GPL
No default schema selected; type \use <schema> to set one.

 MySQL  localhost:3306 ssl  SQL > show databases;
+--------------------+
| Database           |
+--------------------+
| information_schema |
+--------------------+
1 row in set (0.0009 sec)

 MySQL  localhost:3306 ssl  SQL > \connect -c root@localhost
The -c option is deprecated, please use --mysql or -mc instead
Creating a Classic session to 'root@localhost'
Please provide the password for 'root@localhost': *********
Save password for 'root@localhost:3306'? [Y]es/[N]o/Ne[v]er (default No): y
Fetching schema names for autocompletion... Press ^C to stop.
Closing old connection...
Your MySQL connection id is 46
Server version: 8.0.12 MySQL Community Server - GPL
No default schema selected; type \use <schema> to set one.

 MySQL  localhost:3306 ssl  SQL > set password for 'total_user'@'localhost' = 'contraseña';
Query OK, 0 rows affected (0.1784 sec)

 MySQL  localhost:3306 ssl  SQL > \connect -c total_user@localhost
The -c option is deprecated, please use --mysql or -mc instead
Creating a Classic session to 'total_user@localhost'
Please provide the password for 'total_user@localhost': ***********
Save password for 'total_user@localhost:3306'? [Y]es/[N]o/Ne[v]er (default No): y
Fetching schema names for autocompletion... Press ^C to stop.
Closing old connection...
Your MySQL connection id is 47
Server version: 8.0.12 MySQL Community Server - GPL
No default schema selected; type \use <schema> to set one.

 MySQL  localhost:3306 ssl  SQL > \connect -c root@localhost
The -c option is deprecated, please use --mysql or -mc instead
Creating a Classic session to 'root@localhost'
Please provide the password for 'root@localhost': **********
MySQL Error 1045 (28000): Access denied for user 'root'@'localhost' (using password: YES)

 MySQL  localhost:3306 ssl  SQL > set password for 'total_user'@'localhost' = 'total.123';
Query OK, 0 rows affected (0.2019 sec)

 MySQL  localhost:3306 ssl  SQL > \connect -c total_user@localhost
The -c option is deprecated, please use --mysql or -mc instead
Creating a Classic session to 'total_user@localhost'
Please provide the password for 'total_user@localhost': *********
Save password for 'total_user@localhost:3306'? [Y]es/[N]o/Ne[v]er (default No): y
Fetching schema names for autocompletion... Press ^C to stop.
Closing old connection...
Your MySQL connection id is 49
Server version: 8.0.12 MySQL Community Server - GPL
No default schema selected; type \use <schema> to set one.

 MySQL  localhost:3306 ssl  SQL > \connect -c root@localhost
The -c option is deprecated, please use --mysql or -mc instead
Creating a Classic session to 'root@localhost'
Please provide the password for 'root@localhost': *********
Save password for 'root@localhost:3306'? [Y]es/[N]o/Ne[v]er (default No): y
Fetching schema names for autocompletion... Press ^C to stop.
Closing old connection...
Your MySQL connection id is 50
Server version: 8.0.12 MySQL Community Server - GPL
No default schema selected; type \use <schema> to set one.

 MySQL  localhost:3306 ssl  SQL > alter user 'total_user'@'localhost' identified by 'total@04';
Query OK, 0 rows affected (0.2037 sec)

 MySQL  localhost:3306 ssl  SQL > show databases;
+--------------------+
| Database           |
+--------------------+
| evaluacion_1       |
| information_schema |
| mysql              |
| performance_schema |
| sakila             |
| sys                |
| world              |
+--------------------+
7 rows in set (0.0012 sec)

 MySQL  localhost:3306 ssl  SQL > grant all on evaluacion_1.* 'total_user'@'localhost';
ERROR: 1064 (42000): You have an error in your SQL syntax; check the manual that corresponds to your MySQL server version for the right syntax to use near ''total_user'@'localhost'' at line 1

 MySQL  localhost:3306 ssl  SQL > grant all on evaluacion_1.* to 'total_user'@'localhost';
Query OK, 0 rows affected (0.1566 sec)

 MySQL  localhost:3306 ssl  SQL > \connect -c total_user@localhost
The -c option is deprecated, please use --mysql or -mc instead
Creating a Classic session to 'total_user@localhost'
Please provide the password for 'total_user@localhost': ********
Save password for 'total_user@localhost:3306'? [Y]es/[N]o/Ne[v]er (default No): y
Fetching schema names for autocompletion... Press ^C to stop.
Closing old connection...
Your MySQL connection id is 51
Server version: 8.0.12 MySQL Community Server - GPL
No default schema selected; type \use <schema> to set one.

 MySQL  localhost:3306 ssl  SQL > show databases;
+--------------------+
| Database           |
+--------------------+
| evaluacion_1       |
| information_schema |
+--------------------+
2 rows in set (0.0009 sec)

 MySQL  localhost:3306 ssl  SQL > \use evaluacion_1
Default schema set to `evaluacion_1`.
Fetching table and column names from `evaluacion_1` for auto-completion... Press ^C to stop.

 MySQL  localhost:3306 ssl  evaluacion_1  SQL > show tables;
+------------------------+
| Tables_in_evaluacion_1 |
+------------------------+
| carrera                |
| estudiantes            |
| horario                |
| jobs                   |
| materias               |
| nueva_carrera          |
| nueva_carrerota        |
| paises                 |
| personal               |
| personal2              |
+------------------------+
10 rows in set (0.0018 sec)

 MySQL  localhost:3306 ssl  evaluacion_1  SQL > select * from paises;
+-------+--------+-----------+------------+
| clave | nombre | poblacion | continente |
+-------+--------+-----------+------------+
|     1 | Mexico | 120000000 | America    |
+-------+--------+-----------+------------+
1 row in set (0.0012 sec)

 MySQL  localhost:3306 ssl  evaluacion_1  SQL > \connect -c root@localhost
The -c option is deprecated, please use --mysql or -mc instead
Creating a Classic session to 'root@localhost'
Please provide the password for 'root@localhost': *********
Save password for 'root@localhost:3306'? [Y]es/[N]o/Ne[v]er (default No): y
Fetching schema names for autocompletion... Press ^C to stop.
Closing old connection...
Your MySQL connection id is 52
Server version: 8.0.12 MySQL Community Server - GPL
No default schema selected; type \use <schema> to set one.

 MySQL  localhost:3306 ssl  SQL > create user 'solo_tabla'@'localhost' identified by 'tabla@04';
Query OK, 0 rows affected (0.2074 sec)

 MySQL  localhost:3306 ssl  SQL > grant all on evaluacion_1.paises to 'solo_tabla'@'localhost';
Query OK, 0 rows affected (0.1154 sec)

 MySQL  localhost:3306 ssl  SQL > \connect -c solo_tabla@localhost
The -c option is deprecated, please use --mysql or -mc instead
Creating a Classic session to 'solo_tabla@localhost'
Please provide the password for 'solo_tabla@localhost': ********
Save password for 'solo_tabla@localhost:3306'? [Y]es/[N]o/Ne[v]er (default No): y
Fetching schema names for autocompletion... Press ^C to stop.
Closing old connection...
Your MySQL connection id is 53
Server version: 8.0.12 MySQL Community Server - GPL
No default schema selected; type \use <schema> to set one.

 MySQL  localhost:3306 ssl  SQL > show databases;
+--------------------+
| Database           |
+--------------------+
| evaluacion_1       |
| information_schema |
+--------------------+
2 rows in set (0.0010 sec)

 MySQL  localhost:3306 ssl  SQL > \use evaluacion_1
Default schema set to `evaluacion_1`.
Fetching table and column names from `evaluacion_1` for auto-completion... Press ^C to stop.

 MySQL  localhost:3306 ssl  evaluacion_1  SQL > show tables;
+------------------------+
| Tables_in_evaluacion_1 |
+------------------------+
| paises                 |
+------------------------+
1 row in set (0.0014 sec)

 MySQL  localhost:3306 ssl  evaluacion_1  SQL > \connect -c root@localhost
The -c option is deprecated, please use --mysql or -mc instead
Creating a Classic session to 'root@localhost'
Please provide the password for 'root@localhost': ********
MySQL Error 1045 (28000): Access denied for user 'root'@'localhost' (using password: YES)

 MySQL  localhost:3306 ssl  evaluacion_1  SQL > create user 'solo_select'@'localhost' identified by 'select@04';
ERROR: 1227 (42000): Access denied; you need (at least one of) the CREATE USER privilege(s) for this operation

 MySQL  localhost:3306 ssl  evaluacion_1  SQL > \connect -c root@localhost
The -c option is deprecated, please use --mysql or -mc instead
Creating a Classic session to 'root@localhost'
Please provide the password for 'root@localhost': *********
Save password for 'root@localhost:3306'? [Y]es/[N]o/Ne[v]er (default No): y
Fetching schema names for autocompletion... Press ^C to stop.
Closing old connection...
Your MySQL connection id is 55
Server version: 8.0.12 MySQL Community Server - GPL
No default schema selected; type \use <schema> to set one.

 MySQL  localhost:3306 ssl  SQL > create user 'solo_select'@'localhost' identified by 'select@04';
Query OK, 0 rows affected (0.1738 sec)

 MySQL  localhost:3306 ssl  SQL > grant select on evaluacion_1.paises to 'solo_select'@'localhost';
Query OK, 0 rows affected (0.1148 sec)

 MySQL  localhost:3306 ssl  SQL > \connect -c solo_select@localhost
The -c option is deprecated, please use --mysql or -mc instead
Creating a Classic session to 'solo_select@localhost'
Please provide the password for 'solo_select@localhost': *********
Save password for 'solo_select@localhost:3306'? [Y]es/[N]o/Ne[v]er (default No): y
Fetching schema names for autocompletion... Press ^C to stop.
Closing old connection...
Your MySQL connection id is 56
Server version: 8.0.12 MySQL Community Server - GPL
No default schema selected; type \use <schema> to set one.

 MySQL  localhost:3306 ssl  SQL > \use evaluacion_1
Default schema set to `evaluacion_1`.
Fetching table and column names from `evaluacion_1` for auto-completion... Press ^C to stop.

 MySQL  localhost:3306 ssl  evaluacion_1  SQL > show tables;
+------------------------+
| Tables_in_evaluacion_1 |
+------------------------+
| paises                 |
+------------------------+
1 row in set (0.0018 sec)

 MySQL  localhost:3306 ssl  evaluacion_1  SQL > delete * from paises;
ERROR: 1064 (42000): You have an error in your SQL syntax; check the manual that corresponds to your MySQL server version for the right syntax to use near '* from paises' at line 1

 MySQL  localhost:3306 ssl  evaluacion_1  SQL > select * from paises;
+-------+--------+-----------+------------+
| clave | nombre | poblacion | continente |
+-------+--------+-----------+------------+
|     1 | Mexico | 120000000 | America    |
+-------+--------+-----------+------------+
1 row in set (0.0006 sec)

 MySQL  localhost:3306 ssl  evaluacion_1  SQL >
